LIBS= \
	$(SEGALIB)/lib/sega_erm.a\
	$(SEGALIB)/lib/sega_sgl.a\
	$(SEGALIB)/lib/sega_bup.a\
	$(SEGALIB)/lib/sega_mpg.a\
	$(SEGALIB)/lib/sega_pcm.a\
	$(SEGALIB)/lib/sega_adp.a\
	$(SEGALIB)/lib/sega_dbg.a\
	$(SEGALIB)/lib/sega_stm.a\
	$(SEGALIB)/lib/sega_sys.a\
	$(SEGALIB)/lib/sega_gfs.a\
	$(SEGALIB)/lib/sega_spr.a\
	$(SEGALIB)/lib/sega_dma.a\
	$(SEGALIB)/lib/sega_scl.a\
	$(SEGALIB)/lib/sega_spr.a\
	$(SEGALIB)/lib/sega_csh.a\
	$(SEGALIB)/lib/sega_per.a\
	$(SEGALIB)/lib/sega_cdc.a\
	$(SEGALIB)/lib/sega_mth.a\
	$(SEGALIB)/lib/sega_mem.a\
	$(SEGALIB)/lib/sega_cmp.a\
	$(SEGALIB)/lib/sega_snd.a\
	$(SEGALIB)/lib/sega_dsp.a\
	$(SEGALIB)/lib/sega_int.a\
	$(SEGALIB)/lib/sega_sys.a\
	$(SEGALIB)/lib/sega_cdc.a\
	$(SEGALIB)/lib/sega_shc.a

